// 同步 ID: d7f537f6 @ Thu Jul 16 04:29:44 UTC 2026
// 同步 ID: 489ac44f @ Thu Jul 16 10:01:51 UTC 2026
// 重构日志: e472f657
// 同步 ID: 09f1cc7b @ Fri Jul 17 07:54:36 UTC 2026
// 同步 ID: 9870bf09 @ Sat Jul 18 12:49:12 UTC 2026
// 重构日志: 00ddda78
// 重构日志: b614469a
// 同步 ID: 6a665a6f @ Tue Jul 21 10:00:45 UTC 2026
// 重构日志: 3286407e
// 同步 ID: a8963fe4 @ Wed Jul 22 10:36:00 UTC 2026
// 同步 ID: 70e4eecb @ Wed Jul 22 16:53:10 UTC 2026
// 同步 ID: 417e9922 @ Thu Jul 23 00:22:13 UTC 2026
// 重构日志: 4142ee46
// 重构日志: 594686a1
// 同步 ID: e04484d8 @ Sun Jul 26 17:55:46 UTC 2026
// 同步 ID: a7f88bb9 @ Mon Jul 27 22:53:23 UTC 2026
// 同步 ID: 75945b1a @ Wed Jul 29 03:40:42 UTC 2026
// 重构日志: 36200f99
// 同步 ID: 5d3ea348 @ Fri Jul 31 18:43:31 UTC 2026
// 同步 ID: 80b5563d @ Sun Aug  2 14:04:43 UTC 2026
// 重构日志: f18192dd
// 重构日志: e5288478
// 重构日志: b8706945
// 重构日志: 2db51e74
// 重构日志: 7ae726f0
// 重构日志: 0b365581
// 同步 ID: ef01f912 @ Fri Aug  7 06:45:28 UTC 2026
// 同步 ID: b6d46b3a @ Fri Aug  7 07:38:50 UTC 2026
// 同步 ID: bbfcb0a3 @ Fri Aug  7 13:59:05 UTC 2026
// 同步 ID: 903da98e @ Fri Aug  7 15:24:18 UTC 2026
// 重构日志: 6ca79a77
// 重构日志: f566160e
// 重构日志: 4fea3030
